%!Adobe-FontList 1.16
%Locale:0x80a

%BeginFont
Handler:DirectoryHandler
FontType:Invalid
OutlineFileName:C:\Users\pablo\Documents\proyectos\cadenacacao\static_media\Font\flaticon.css
FileModTime:1509384167
%EndFont

%BeginFont
Handler:DirectoryHandler
FontType:Invalid
OutlineFileName:C:\Users\pablo\Documents\proyectos\cadenacacao\static_media\Font\Flaticon.eot
FileModTime:1509384167
%EndFont

%BeginFont
Handler:DirectoryHandler
FontType:Invalid
OutlineFileName:C:\Users\pablo\Documents\proyectos\cadenacacao\static_media\Font\flaticon.html
FileModTime:1509384167
%EndFont

%BeginFont
Handler:DirectoryHandler
FontType:Invalid
OutlineFileName:C:\Users\pablo\Documents\proyectos\cadenacacao\static_media\Font\Flaticon.svg
FileModTime:1509384167
%EndFont

%BeginFont
Handler:DirectoryHandler
FontType:TrueType
FontName:Flaticon
FamilyName:Flaticon
StyleName:Medium
FullName:Flaticon
MenuName:Flaticon
StyleBits:0
WritingScript:Roman
OutlineFileName:C:\Users\pablo\Documents\proyectos\cadenacacao\static_media\Font\Flaticon.ttf
DataFormat:sfntData
FileLength:38860
FileModTime:1509384167
WeightClass:500
WidthClass:5
AngleClass:0
NameArray:0,Mac,4,Flaticon
NameArray:0,Win,1,Flaticon
%EndFont

%BeginFont
Handler:DirectoryHandler
FontType:Invalid
OutlineFileName:C:\Users\pablo\Documents\proyectos\cadenacacao\static_media\Font\Flaticon.woff
FileModTime:1509384167
%EndFont

%BeginFont
Handler:DirectoryHandler
FontType:Invalid
OutlineFileName:C:\Users\pablo\Documents\proyectos\cadenacacao\static_media\Font\_flaticon.scss
FileModTime:1509384167
%EndFont

